
> invesmentplan@0.1.0 build
> next build

node.exe : ΓÜá 
`eslint` configuration 
in next.config.js is 
no longer supported. 
See more info here: htt
ps://nextjs.org/docs/ap
p/api-reference/cli/nex
t#next-lint-options
At line:1 char:1
+ & "C:\Program 
Files\nodejs/node.exe" 
"C:\Users\rikza\AppData
\Roaming\ ...
+ ~~~~~~~~~~~~~~~~~~~~~
~~~~~~~~~~~~~~~~~~~~~~~
~~~~~~~~~~~~~~~~~~~~~~~
~~
    + CategoryInfo     
         : NotSpecifi  
  ed: (ΓÜá `eslint`    
 co...xt-lint-optio    
ns:String) [], Rem    
oteException
    + FullyQualifiedEr 
   rorId : NativeComm  
  andError
 
ΓÜá Invalid 
next.config.js options 
detected: 
ΓÜá     Unrecognized 
key(s) in object: 
'eslint'
ΓÜá See more info 
here: https://nextjs.or
g/docs/messages/invalid
-next-config
Γû▓ Next.js 16.1.1 (Turbopack)
- Environments: .env.local

  Creating an optimized production build ...

> Build error occurred
Error: Turbopack build 
failed with 2 errors:
./components/ui/sidebar
.tsx:8:1
Module not found: 
Can't resolve '@/compon
ents/hooks/use-mobile'
[0m [90m  6 |[39m 
[36mimport[39m { 
[33mPanelLeft[39m } 
[36mfrom[39m [32m"lu
cide-react"[39m
 [90m  7 |[39m
[31m[1m>[22m[39m[9
0m  8 |[39m 
[36mimport[39m { 
useIsMobile } 
[36mfrom[39m [32m"@/
components/hooks/use-mo
bile"[39m
 [90m    |[39m [31m
[1m^[22m[39m[31m[1m
^[22m[39m[31m[1m^[
22m[39m[31m[1m^[22m
[39m[31m[1m^[22m[3
9m[31m[1m^[22m[39m
[31m[1m^[22m[39m[31
m[1m^[22m[39m[31m[
1m^[22m[39m[31m[1m^
[22m[39m[31m[1m^[2
2m[39m[31m[1m^[22m
[39m[31m[1m^[22m[39
m[31m[1m^[22m[39m[
31m[1m^[22m[39m[31m
[1m^[22m[39m[31m[1
m^[22m[39m[31m[1m^
[22m[39m[31m[1m^[22
m[39m[31m[1m^[22m[
39m[31m[1m^[22m[39m
[31m[1m^[22m[39m[3
1m[1m^[22m[39m[31m
[1m^[22m[39m[31m[1m
^[22m[39m[31m[1m^[
22m[39m[31m[1m^[22m
[39m[31m[1m^[22m[3
9m[31m[1m^[22m[39m
[31m[1m^[22m[39m[31
m[1m^[22m[39m[31m[
1m^[22m[39m[31m[1m^
[22m[39m[31m[1m^[2
2m[39m[31m[1m^[22m
[39m[31m[1m^[22m[39
m[31m[1m^[22m[39m[
31m[1m^[22m[39m[31m
[1m^[22m[39m[31m[1
m^[22m[39m[31m[1m^
[22m[39m[31m[1m^[22
m[39m[31m[1m^[22m[
39m[31m[1m^[22m[39m
[31m[1m^[22m[39m[3
1m[1m^[22m[39m[31m
[1m^[22m[39m[31m[1m
^[22m[39m[31m[1m^[
22m[39m[31m[1m^[22m
[39m[31m[1m^[22m[3
9m[31m[1m^[22m[39m
[31m[1m^[22m[39m[31
m[1m^[22m[39m[31m[
1m^[22m[39m[31m[1m^
[22m[39m[31m[1m^[2
2m[39m[31m[1m^[22m
[39m[31m[1m^[22m[39
m
 [90m  9 |[39m 
[36mimport[39m { cn 
} [36mfrom[39m [32m"
@/components/lib/utils"
[39m
 [90m 10 |[39m 
[36mimport[39m { 
[33mButton[39m } 
[36mfrom[39m [32m"@/
components/ui/button"[
39m
 [90m 11 |[39m 
[36mimport[39m { 
[33mInput[39m } 
[36mfrom[39m [32m"@/
components/ui/input"[3
9m[0m

Import map: aliased to 
relative './components/
hooks/use-mobile' 
inside of [project]/


Import traces:
  Client Component 
Browser:
    ./components/ui/sid
ebar.tsx [Client 
Component Browser]
    ./app/page.tsx 
[Client Component 
Browser]
    ./app/page.tsx 
[Server Component]

  Client Component SSR:
    ./components/ui/sid
ebar.tsx [Client 
Component SSR]
    ./app/page.tsx 
[Client Component SSR]
    ./app/page.tsx 
[Server Component]

https://nextjs.org/docs
/messages/module-not-fo
und


./components/ui/sidebar
.tsx:9:1
Module not found: 
Can't resolve '@/compon
ents/lib/utils'
[0m [90m  7 |[39m
 [90m  8 |[39m 
[36mimport[39m { 
useIsMobile } 
[36mfrom[39m [32m"@/
components/hooks/use-mo
bile"[39m
[31m[1m>[22m[39m[9
0m  9 |[39m 
[36mimport[39m { cn 
} [36mfrom[39m [32m"
@/components/lib/utils"
[39m
 [90m    |[39m [31m
[1m^[22m[39m[31m[1m
^[22m[39m[31m[1m^[
22m[39m[31m[1m^[22m
[39m[31m[1m^[22m[3
9m[31m[1m^[22m[39m
[31m[1m^[22m[39m[31
m[1m^[22m[39m[31m[
1m^[22m[39m[31m[1m^
[22m[39m[31m[1m^[2
2m[39m[31m[1m^[22m
[39m[31m[1m^[22m[39
m[31m[1m^[22m[39m[
31m[1m^[22m[39m[31m
[1m^[22m[39m[31m[1
m^[22m[39m[31m[1m^
[22m[39m[31m[1m^[22
m[39m[31m[1m^[22m[
39m[31m[1m^[22m[39m
[31m[1m^[22m[39m[3
1m[1m^[22m[39m[31m
[1m^[22m[39m[31m[1m
^[22m[39m[31m[1m^[
22m[39m[31m[1m^[22m
[39m[31m[1m^[22m[3
9m[31m[1m^[22m[39m
[31m[1m^[22m[39m[31
m[1m^[22m[39m[31m[
1m^[22m[39m[31m[1m^
[22m[39m[31m[1m^[2
2m[39m[31m[1m^[22m
[39m[31m[1m^[22m[39
m[31m[1m^[22m[39m[
31m[1m^[22m[39m[31m
[1m^[22m[39m[31m[1
m^[22m[39m[31m[1m^
[22m[39m[31m[1m^[22
m[39m[31m[1m^[22m[
39m
 [90m 10 |[39m 
[36mimport[39m { 
[33mButton[39m } 
[36mfrom[39m [32m"@/
components/ui/button"[
39m
 [90m 11 |[39m 
[36mimport[39m { 
[33mInput[39m } 
[36mfrom[39m [32m"@/
components/ui/input"[3
9m
 [90m 12 |[39m 
[36mimport[39m { 
[33mSeparator[39m } 
[36mfrom[39m [32m"@/
components/ui/separator
"[39m[0m

Import map: aliased to 
relative './components/
lib/utils' inside of 
[project]/


Import traces:
  Client Component 
Browser:
    ./components/ui/sid
ebar.tsx [Client 
Component Browser]
    ./app/page.tsx 
[Client Component 
Browser]
    ./app/page.tsx 
[Server Component]

  Client Component SSR:
    ./components/ui/sid
ebar.tsx [Client 
Component SSR]
    ./app/page.tsx 
[Client Component SSR]
    ./app/page.tsx 
[Server Component]

https://nextjs.org/docs
/messages/module-not-fo
und


    at <unknown> (./com
ponents/ui/sidebar.tsx:
8:1)
    at <unknown> (https
://nextjs.org/docs/mess
ages/module-not-found)
    at <unknown> (./com
ponents/ui/sidebar.tsx:
9:1)
    at <unknown> (https
://nextjs.org/docs/mess
ages/module-not-found)
